/nfs/stak/users/renya/hpc-share/raft-env/bin/python
Python 3.13.8
cuda: True NVIDIA H100 80GB HBM3 MIG 4g.40gb
=== Starting full_C_systematic_200 (variant B) ===
Tiles: /nfs/stak/users/renya/hpc-share/Capstone/Raft/training_tiles_128_systematic
Output: /nfs/stak/users/renya/hpc-share/Capstone/Raft/runs/full_C_systematic_200
2026-05-08 04:06:13,515 INFO train_raft: Device: cuda:0
2026-05-08 04:06:20,583 INFO tile_dataset: TileDataset variants kept: 13872 (pair_filter=None, originals_only=False)
2026-05-08 04:06:20,595 INFO tile_dataset: Split by tile: groups=1734 train_groups=1387 val_groups=347 train_variants=11096 val_variants=2776
2026-05-08 04:06:40,730 INFO train_raft: Epoch 1/200 starting
epoch=1 train_loss=0.8257 val_loss=0.0534 lr=5.0000e-04 time=263.11s
2026-05-08 04:11:03,838 INFO train_raft: Epoch 2/200 starting
epoch=2 train_loss=0.3462 val_loss=0.0510 lr=5.0000e-04 time=260.48s
2026-05-08 04:15:24,315 INFO train_raft: Epoch 3/200 starting
epoch=3 train_loss=0.3119 val_loss=0.0475 lr=5.0000e-04 time=260.39s
2026-05-08 04:19:44,704 INFO train_raft: Epoch 4/200 starting
epoch=4 train_loss=0.2968 val_loss=0.0448 lr=5.0000e-04 time=260.42s
2026-05-08 04:24:05,124 INFO train_raft: Epoch 5/200 starting
epoch=5 train_loss=0.2837 val_loss=0.0448 lr=5.0000e-04 time=260.26s
2026-05-08 04:28:25,380 INFO train_raft: Epoch 6/200 starting
epoch=6 train_loss=0.2903 val_loss=0.0464 lr=5.0000e-04 time=260.30s
2026-05-08 04:32:45,678 INFO train_raft: Epoch 7/200 starting
epoch=7 train_loss=0.2670 val_loss=0.0468 lr=5.0000e-04 time=260.60s
2026-05-08 04:37:06,275 INFO train_raft: Epoch 8/200 starting
epoch=8 train_loss=0.2553 val_loss=0.0425 lr=5.0000e-04 time=260.66s
2026-05-08 04:41:26,939 INFO train_raft: Epoch 9/200 starting
epoch=9 train_loss=0.2527 val_loss=0.0417 lr=5.0000e-04 time=260.66s
2026-05-08 04:45:47,599 INFO train_raft: Epoch 10/200 starting
epoch=10 train_loss=0.2465 val_loss=0.0423 lr=5.0000e-04 time=260.40s
2026-05-08 04:50:08,004 INFO train_raft: Epoch 11/200 starting
epoch=11 train_loss=0.2407 val_loss=0.0418 lr=5.0000e-04 time=260.49s
2026-05-08 04:54:28,498 INFO train_raft: Epoch 12/200 starting
epoch=12 train_loss=0.2354 val_loss=0.0409 lr=5.0000e-04 time=260.22s
2026-05-08 04:58:48,720 INFO train_raft: Epoch 13/200 starting
epoch=13 train_loss=0.2327 val_loss=0.0405 lr=5.0000e-04 time=260.22s
2026-05-08 05:03:08,942 INFO train_raft: Epoch 14/200 starting
epoch=14 train_loss=0.2598 val_loss=0.0433 lr=5.0000e-04 time=260.32s
2026-05-08 05:07:29,260 INFO train_raft: Epoch 15/200 starting
epoch=15 train_loss=0.2231 val_loss=0.0413 lr=5.0000e-04 time=260.09s
2026-05-08 05:11:49,348 INFO train_raft: Epoch 16/200 starting
epoch=16 train_loss=0.2199 val_loss=0.0408 lr=5.0000e-04 time=260.19s
2026-05-08 05:16:09,538 INFO train_raft: Epoch 17/200 starting
epoch=17 train_loss=0.2183 val_loss=0.0391 lr=5.0000e-04 time=260.40s
2026-05-08 05:20:29,941 INFO train_raft: Epoch 18/200 starting
epoch=18 train_loss=0.2136 val_loss=0.0391 lr=5.0000e-04 time=260.27s
2026-05-08 05:24:50,215 INFO train_raft: Epoch 19/200 starting
epoch=19 train_loss=0.2144 val_loss=0.0405 lr=5.0000e-04 time=260.41s
2026-05-08 05:29:10,622 INFO train_raft: Epoch 20/200 starting
epoch=20 train_loss=0.2093 val_loss=0.0417 lr=5.0000e-04 time=260.41s
2026-05-08 05:33:31,034 INFO train_raft: Epoch 21/200 starting
epoch=21 train_loss=0.2889 val_loss=0.1060 lr=5.0000e-04 time=260.35s
2026-05-08 05:37:51,385 INFO train_raft: Epoch 22/200 starting
epoch=22 train_loss=0.2248 val_loss=0.0399 lr=5.0000e-04 time=260.34s
2026-05-08 05:42:11,724 INFO train_raft: Epoch 23/200 starting
epoch=23 train_loss=0.1999 val_loss=0.0405 lr=5.0000e-04 time=260.43s
2026-05-08 05:46:32,153 INFO train_raft: Epoch 24/200 starting
epoch=24 train_loss=0.1995 val_loss=0.0396 lr=5.0000e-04 time=260.36s
2026-05-08 05:50:52,512 INFO train_raft: Epoch 25/200 starting
epoch=25 train_loss=0.1956 val_loss=0.0414 lr=5.0000e-04 time=260.23s
2026-05-08 05:55:12,742 INFO train_raft: Epoch 26/200 starting
epoch=26 train_loss=0.1967 val_loss=0.0404 lr=5.0000e-04 time=260.41s
2026-05-08 05:59:33,158 INFO train_raft: Epoch 27/200 starting
epoch=27 train_loss=0.1927 val_loss=0.0388 lr=5.0000e-04 time=260.26s
2026-05-08 06:03:53,420 INFO train_raft: Epoch 28/200 starting
epoch=28 train_loss=0.1934 val_loss=0.0404 lr=5.0000e-04 time=260.37s
2026-05-08 06:08:13,792 INFO train_raft: Epoch 29/200 starting
epoch=29 train_loss=0.1931 val_loss=0.0393 lr=5.0000e-04 time=260.21s
2026-05-08 06:12:34,000 INFO train_raft: Epoch 30/200 starting
epoch=30 train_loss=0.1889 val_loss=0.0387 lr=5.0000e-04 time=260.28s
2026-05-08 06:16:54,286 INFO train_raft: Epoch 31/200 starting
epoch=31 train_loss=0.1880 val_loss=0.0390 lr=5.0000e-04 time=260.28s
2026-05-08 06:21:14,566 INFO train_raft: Epoch 32/200 starting
epoch=32 train_loss=0.1866 val_loss=0.0384 lr=5.0000e-04 time=260.21s
2026-05-08 06:25:34,777 INFO train_raft: Epoch 33/200 starting
epoch=33 train_loss=0.1991 val_loss=0.0389 lr=5.0000e-04 time=259.97s
2026-05-08 06:29:54,744 INFO train_raft: Epoch 34/200 starting
epoch=34 train_loss=0.1822 val_loss=0.0385 lr=5.0000e-04 time=258.85s
2026-05-08 06:34:13,595 INFO train_raft: Epoch 35/200 starting
epoch=35 train_loss=0.1808 val_loss=0.0388 lr=5.0000e-04 time=259.30s
2026-05-08 06:38:32,896 INFO train_raft: Epoch 36/200 starting
epoch=36 train_loss=0.1793 val_loss=0.0387 lr=5.0000e-04 time=260.19s
2026-05-08 06:42:53,089 INFO train_raft: Epoch 37/200 starting
epoch=37 train_loss=0.1779 val_loss=0.0393 lr=5.0000e-04 time=260.30s
2026-05-08 06:47:13,388 INFO train_raft: Epoch 38/200 starting
epoch=38 train_loss=0.1785 val_loss=0.0394 lr=5.0000e-04 time=260.25s
2026-05-08 06:51:33,636 INFO train_raft: Epoch 39/200 starting
epoch=39 train_loss=0.1793 val_loss=0.0385 lr=5.0000e-04 time=260.26s
2026-05-08 06:55:53,896 INFO train_raft: Epoch 40/200 starting
epoch=40 train_loss=0.1762 val_loss=0.0381 lr=5.0000e-04 time=260.35s
2026-05-08 07:00:14,251 INFO train_raft: Epoch 41/200 starting
epoch=41 train_loss=0.1730 val_loss=0.0409 lr=5.0000e-04 time=260.21s
2026-05-08 07:04:34,465 INFO train_raft: Epoch 42/200 starting
epoch=42 train_loss=0.1732 val_loss=0.0382 lr=5.0000e-04 time=260.54s
2026-05-08 07:08:55,009 INFO train_raft: Epoch 43/200 starting
epoch=43 train_loss=0.1740 val_loss=0.0376 lr=5.0000e-04 time=260.43s
2026-05-08 07:13:15,441 INFO train_raft: Epoch 44/200 starting
epoch=44 train_loss=0.1710 val_loss=0.0390 lr=5.0000e-04 time=260.34s
2026-05-08 07:17:35,786 INFO train_raft: Epoch 45/200 starting
epoch=45 train_loss=0.1715 val_loss=0.0378 lr=5.0000e-04 time=260.59s
2026-05-08 07:21:56,379 INFO train_raft: Epoch 46/200 starting
epoch=46 train_loss=0.1706 val_loss=0.0378 lr=5.0000e-04 time=260.59s
2026-05-08 07:26:16,967 INFO train_raft: Epoch 47/200 starting
epoch=47 train_loss=0.1682 val_loss=0.0372 lr=5.0000e-04 time=260.71s
2026-05-08 07:30:37,679 INFO train_raft: Epoch 48/200 starting
epoch=48 train_loss=0.1669 val_loss=0.0386 lr=5.0000e-04 time=260.78s
2026-05-08 07:34:58,456 INFO train_raft: Epoch 49/200 starting
epoch=49 train_loss=0.1659 val_loss=0.0391 lr=5.0000e-04 time=260.63s
2026-05-08 07:39:19,091 INFO train_raft: Epoch 50/200 starting
epoch=50 train_loss=0.1641 val_loss=0.0388 lr=5.0000e-04 time=260.62s
2026-05-08 07:43:39,708 INFO train_raft: Epoch 51/200 starting
epoch=51 train_loss=0.1666 val_loss=0.0382 lr=5.0000e-04 time=260.94s
2026-05-08 07:48:00,645 INFO train_raft: Epoch 52/200 starting
epoch=52 train_loss=0.1634 val_loss=0.0387 lr=5.0000e-04 time=260.68s
2026-05-08 07:52:21,328 INFO train_raft: Epoch 53/200 starting
epoch=53 train_loss=0.1623 val_loss=0.0396 lr=5.0000e-04 time=260.63s
2026-05-08 07:56:41,962 INFO train_raft: Epoch 54/200 starting
epoch=54 train_loss=0.1646 val_loss=0.0381 lr=5.0000e-04 time=260.66s
2026-05-08 08:01:02,627 INFO train_raft: Epoch 55/200 starting
epoch=55 train_loss=0.1601 val_loss=0.0377 lr=5.0000e-04 time=260.92s
2026-05-08 08:05:23,553 INFO train_raft: Epoch 56/200 starting
epoch=56 train_loss=0.1617 val_loss=0.0383 lr=5.0000e-04 time=260.61s
2026-05-08 08:09:44,167 INFO train_raft: Epoch 57/200 starting
epoch=57 train_loss=0.1629 val_loss=0.0379 lr=5.0000e-04 time=260.80s
2026-05-08 08:14:04,968 INFO train_raft: Epoch 58/200 starting
epoch=58 train_loss=0.1598 val_loss=0.0372 lr=5.0000e-04 time=260.78s
2026-05-08 08:18:25,752 INFO train_raft: Epoch 59/200 starting
epoch=59 train_loss=0.1624 val_loss=0.0381 lr=5.0000e-04 time=260.71s
2026-05-08 08:22:46,464 INFO train_raft: Epoch 60/200 starting
epoch=60 train_loss=0.1592 val_loss=0.0382 lr=5.0000e-04 time=260.58s
2026-05-08 08:27:07,045 INFO train_raft: Epoch 61/200 starting
epoch=61 train_loss=0.1583 val_loss=0.0376 lr=5.0000e-04 time=264.48s
2026-05-08 08:31:31,528 INFO train_raft: Epoch 62/200 starting
epoch=62 train_loss=0.1573 val_loss=0.0390 lr=5.0000e-04 time=259.35s
2026-05-08 08:35:50,884 INFO train_raft: Epoch 63/200 starting
epoch=63 train_loss=0.1903 val_loss=0.0420 lr=5.0000e-04 time=260.67s
2026-05-08 08:40:11,555 INFO train_raft: Epoch 64/200 starting
epoch=64 train_loss=0.1593 val_loss=0.0375 lr=5.0000e-04 time=260.82s
2026-05-08 08:44:32,378 INFO train_raft: Epoch 65/200 starting
epoch=65 train_loss=0.1532 val_loss=0.0378 lr=5.0000e-04 time=260.80s
2026-05-08 08:48:53,179 INFO train_raft: Epoch 66/200 starting
epoch=66 train_loss=0.1535 val_loss=0.0377 lr=5.0000e-04 time=260.82s
2026-05-08 08:53:14,003 INFO train_raft: Epoch 67/200 starting
epoch=67 train_loss=0.1534 val_loss=0.0381 lr=5.0000e-04 time=260.67s
2026-05-08 08:57:34,674 INFO train_raft: Epoch 68/200 starting
epoch=68 train_loss=0.1550 val_loss=0.0373 lr=5.0000e-04 time=260.71s
2026-05-08 09:01:55,381 INFO train_raft: Epoch 69/200 starting
epoch=69 train_loss=0.1799 val_loss=0.0413 lr=5.0000e-04 time=260.67s
2026-05-08 09:06:16,055 INFO train_raft: Epoch 70/200 starting
epoch=70 train_loss=0.1536 val_loss=0.0366 lr=5.0000e-04 time=260.82s
2026-05-08 09:10:36,874 INFO train_raft: Epoch 71/200 starting
epoch=71 train_loss=0.1510 val_loss=0.0376 lr=5.0000e-04 time=260.66s
2026-05-08 09:14:57,537 INFO train_raft: Epoch 72/200 starting
epoch=72 train_loss=0.1515 val_loss=0.0375 lr=5.0000e-04 time=260.68s
2026-05-08 09:19:18,215 INFO train_raft: Epoch 73/200 starting
epoch=73 train_loss=0.1503 val_loss=0.0388 lr=5.0000e-04 time=260.76s
2026-05-08 09:23:38,972 INFO train_raft: Epoch 74/200 starting
epoch=74 train_loss=0.1517 val_loss=0.0377 lr=5.0000e-04 time=260.78s
2026-05-08 09:27:59,759 INFO train_raft: Epoch 75/200 starting
epoch=75 train_loss=0.1490 val_loss=0.0376 lr=5.0000e-04 time=260.82s
2026-05-08 09:32:20,585 INFO train_raft: Epoch 76/200 starting
epoch=76 train_loss=0.1502 val_loss=0.0378 lr=5.0000e-04 time=260.59s
2026-05-08 09:36:41,180 INFO train_raft: Epoch 77/200 starting
epoch=77 train_loss=0.1495 val_loss=0.0381 lr=5.0000e-04 time=260.88s
2026-05-08 09:41:02,061 INFO train_raft: Epoch 78/200 starting
epoch=78 train_loss=0.1506 val_loss=0.0374 lr=5.0000e-04 time=260.69s
2026-05-08 09:45:22,748 INFO train_raft: Epoch 79/200 starting
epoch=79 train_loss=0.1483 val_loss=0.0382 lr=5.0000e-04 time=260.85s
2026-05-08 09:49:43,596 INFO train_raft: Epoch 80/200 starting
epoch=80 train_loss=0.1462 val_loss=0.0381 lr=5.0000e-04 time=260.76s
2026-05-08 09:54:04,354 INFO train_raft: Epoch 81/200 starting
epoch=81 train_loss=0.1506 val_loss=0.0387 lr=5.0000e-04 time=260.72s
2026-05-08 09:58:25,071 INFO train_raft: Epoch 82/200 starting
epoch=82 train_loss=0.1474 val_loss=0.0379 lr=5.0000e-04 time=260.96s
2026-05-08 10:02:46,031 INFO train_raft: Epoch 83/200 starting
epoch=83 train_loss=0.1459 val_loss=0.0377 lr=5.0000e-04 time=260.91s
2026-05-08 10:07:06,941 INFO train_raft: Epoch 84/200 starting
epoch=84 train_loss=0.1472 val_loss=0.0385 lr=5.0000e-04 time=260.87s
2026-05-08 10:11:27,811 INFO train_raft: Epoch 85/200 starting
epoch=85 train_loss=0.1463 val_loss=0.0376 lr=5.0000e-04 time=260.94s
2026-05-08 10:15:48,749 INFO train_raft: Epoch 86/200 starting
epoch=86 train_loss=0.1457 val_loss=0.0374 lr=5.0000e-04 time=260.99s
2026-05-08 10:20:09,743 INFO train_raft: Epoch 87/200 starting
epoch=87 train_loss=0.1449 val_loss=0.0386 lr=5.0000e-04 time=260.84s
2026-05-08 10:24:30,588 INFO train_raft: Epoch 88/200 starting
epoch=88 train_loss=0.1461 val_loss=0.0380 lr=5.0000e-04 time=260.88s
2026-05-08 10:28:51,474 INFO train_raft: Epoch 89/200 starting
epoch=89 train_loss=0.1458 val_loss=0.0381 lr=5.0000e-04 time=260.43s
2026-05-08 10:33:11,906 INFO train_raft: Epoch 90/200 starting
epoch=90 train_loss=0.1488 val_loss=0.0389 lr=5.0000e-04 time=260.54s
2026-05-08 10:37:32,451 INFO train_raft: Epoch 91/200 starting
epoch=91 train_loss=0.1434 val_loss=0.0375 lr=2.5000e-04 time=260.38s
2026-05-08 10:41:52,829 INFO train_raft: Epoch 92/200 starting
epoch=92 train_loss=0.1203 val_loss=0.0366 lr=2.5000e-04 time=260.37s
2026-05-08 10:46:13,199 INFO train_raft: Epoch 93/200 starting
epoch=93 train_loss=0.1172 val_loss=0.0364 lr=2.5000e-04 time=260.25s
2026-05-08 10:50:33,453 INFO train_raft: Epoch 94/200 starting
epoch=94 train_loss=0.1164 val_loss=0.0366 lr=2.5000e-04 time=260.42s
2026-05-08 10:54:53,869 INFO train_raft: Epoch 95/200 starting
epoch=95 train_loss=0.1155 val_loss=0.0364 lr=2.5000e-04 time=260.59s
2026-05-08 10:59:14,458 INFO train_raft: Epoch 96/200 starting
epoch=96 train_loss=0.1154 val_loss=0.0365 lr=2.5000e-04 time=260.30s
2026-05-08 11:03:34,755 INFO train_raft: Epoch 97/200 starting
epoch=97 train_loss=0.1151 val_loss=0.0370 lr=2.5000e-04 time=260.56s
2026-05-08 11:07:55,314 INFO train_raft: Epoch 98/200 starting
epoch=98 train_loss=0.1140 val_loss=0.0366 lr=2.5000e-04 time=260.31s
2026-05-08 11:12:15,624 INFO train_raft: Epoch 99/200 starting
epoch=99 train_loss=0.1142 val_loss=0.0367 lr=2.5000e-04 time=260.45s
2026-05-08 11:16:36,078 INFO train_raft: Epoch 100/200 starting
epoch=100 train_loss=0.1138 val_loss=0.0367 lr=2.5000e-04 time=259.80s
2026-05-08 11:20:55,880 INFO train_raft: Epoch 101/200 starting
epoch=101 train_loss=0.1134 val_loss=0.0365 lr=2.5000e-04 time=260.36s
2026-05-08 11:25:16,244 INFO train_raft: Epoch 102/200 starting
epoch=102 train_loss=0.1130 val_loss=0.0368 lr=2.5000e-04 time=260.58s
2026-05-08 11:29:36,821 INFO train_raft: Epoch 103/200 starting
epoch=103 train_loss=0.1124 val_loss=0.0365 lr=2.5000e-04 time=260.52s
2026-05-08 11:33:57,346 INFO train_raft: Epoch 104/200 starting
epoch=104 train_loss=0.1127 val_loss=0.0367 lr=2.5000e-04 time=260.63s
2026-05-08 11:38:17,978 INFO train_raft: Epoch 105/200 starting
epoch=105 train_loss=0.1119 val_loss=0.0369 lr=2.5000e-04 time=260.63s
2026-05-08 11:42:38,609 INFO train_raft: Epoch 106/200 starting
epoch=106 train_loss=0.1120 val_loss=0.0365 lr=2.5000e-04 time=260.29s
2026-05-08 11:46:58,906 INFO train_raft: Epoch 107/200 starting
epoch=107 train_loss=0.1117 val_loss=0.0367 lr=2.5000e-04 time=260.38s
2026-05-08 11:51:19,284 INFO train_raft: Epoch 108/200 starting
epoch=108 train_loss=0.1111 val_loss=0.0365 lr=2.5000e-04 time=260.38s
2026-05-08 11:55:39,666 INFO train_raft: Epoch 109/200 starting
epoch=109 train_loss=0.1111 val_loss=0.0365 lr=2.5000e-04 time=260.38s
2026-05-08 12:00:00,051 INFO train_raft: Epoch 110/200 starting
epoch=110 train_loss=0.1115 val_loss=0.0369 lr=2.5000e-04 time=260.47s
2026-05-08 12:04:20,524 INFO train_raft: Epoch 111/200 starting
epoch=111 train_loss=0.1114 val_loss=0.0366 lr=2.5000e-04 time=260.42s
2026-05-08 12:08:40,948 INFO train_raft: Epoch 112/200 starting
epoch=112 train_loss=0.1114 val_loss=0.0371 lr=2.5000e-04 time=260.31s
2026-05-08 12:13:01,262 INFO train_raft: Epoch 113/200 starting
epoch=113 train_loss=0.1108 val_loss=0.0366 lr=2.5000e-04 time=260.43s
2026-05-08 12:17:21,693 INFO train_raft: Epoch 114/200 starting
epoch=114 train_loss=0.1107 val_loss=0.0367 lr=2.5000e-04 time=260.34s
2026-05-08 12:21:42,038 INFO train_raft: Epoch 115/200 starting
epoch=115 train_loss=0.1099 val_loss=0.0365 lr=2.5000e-04 time=260.37s
2026-05-08 12:26:02,405 INFO train_raft: Epoch 116/200 starting
epoch=116 train_loss=0.1103 val_loss=0.0371 lr=1.2500e-04 time=260.27s
2026-05-08 12:30:22,674 INFO train_raft: Epoch 117/200 starting
epoch=117 train_loss=0.1006 val_loss=0.0363 lr=1.2500e-04 time=260.52s
2026-05-08 12:34:43,196 INFO train_raft: Epoch 118/200 starting
epoch=118 train_loss=0.0988 val_loss=0.0363 lr=1.2500e-04 time=260.44s
2026-05-08 12:39:03,640 INFO train_raft: Epoch 119/200 starting
epoch=119 train_loss=0.0984 val_loss=0.0360 lr=1.2500e-04 time=260.57s
2026-05-08 12:43:24,214 INFO train_raft: Epoch 120/200 starting
epoch=120 train_loss=0.0982 val_loss=0.0363 lr=1.2500e-04 time=260.35s
2026-05-08 12:47:44,570 INFO train_raft: Epoch 121/200 starting
epoch=121 train_loss=0.0978 val_loss=0.0362 lr=1.2500e-04 time=260.25s
2026-05-08 12:52:04,819 INFO train_raft: Epoch 122/200 starting
epoch=122 train_loss=0.0976 val_loss=0.0362 lr=1.2500e-04 time=260.51s
2026-05-08 12:56:25,327 INFO train_raft: Epoch 123/200 starting
epoch=123 train_loss=0.0975 val_loss=0.0362 lr=1.2500e-04 time=260.35s
2026-05-08 13:00:45,677 INFO train_raft: Epoch 124/200 starting
epoch=124 train_loss=0.0972 val_loss=0.0362 lr=1.2500e-04 time=260.30s
2026-05-08 13:05:05,975 INFO train_raft: Epoch 125/200 starting
epoch=125 train_loss=0.0973 val_loss=0.0363 lr=1.2500e-04 time=260.66s
2026-05-08 13:09:26,632 INFO train_raft: Epoch 126/200 starting
epoch=126 train_loss=0.0970 val_loss=0.0364 lr=1.2500e-04 time=260.63s
2026-05-08 13:13:47,268 INFO train_raft: Epoch 127/200 starting
epoch=127 train_loss=0.0964 val_loss=0.0361 lr=1.2500e-04 time=260.91s
2026-05-08 13:18:08,177 INFO train_raft: Epoch 128/200 starting
epoch=128 train_loss=0.0965 val_loss=0.0363 lr=1.2500e-04 time=260.52s
2026-05-08 13:22:28,702 INFO train_raft: Epoch 129/200 starting
epoch=129 train_loss=0.0967 val_loss=0.0363 lr=1.2500e-04 time=260.66s
2026-05-08 13:26:49,362 INFO train_raft: Epoch 130/200 starting
epoch=130 train_loss=0.0965 val_loss=0.0364 lr=1.2500e-04 time=260.61s
2026-05-08 13:31:09,972 INFO train_raft: Epoch 131/200 starting
epoch=131 train_loss=0.0963 val_loss=0.0362 lr=1.2500e-04 time=260.76s
2026-05-08 13:35:30,733 INFO train_raft: Epoch 132/200 starting
epoch=132 train_loss=0.0960 val_loss=0.0364 lr=1.2500e-04 time=260.86s
2026-05-08 13:39:51,593 INFO train_raft: Epoch 133/200 starting
epoch=133 train_loss=0.0958 val_loss=0.0363 lr=1.2500e-04 time=260.86s
2026-05-08 13:44:12,452 INFO train_raft: Epoch 134/200 starting
epoch=134 train_loss=0.0957 val_loss=0.0363 lr=1.2500e-04 time=260.80s
2026-05-08 13:48:33,254 INFO train_raft: Epoch 135/200 starting
epoch=135 train_loss=0.0958 val_loss=0.0363 lr=1.2500e-04 time=260.77s
2026-05-08 13:52:54,022 INFO train_raft: Epoch 136/200 starting
epoch=136 train_loss=0.0956 val_loss=0.0364 lr=1.2500e-04 time=260.55s
2026-05-08 13:57:14,574 INFO train_raft: Epoch 137/200 starting
epoch=137 train_loss=0.0954 val_loss=0.0364 lr=1.2500e-04 time=260.68s
2026-05-08 14:01:35,252 INFO train_raft: Epoch 138/200 starting
epoch=138 train_loss=0.0953 val_loss=0.0365 lr=1.2500e-04 time=260.67s
2026-05-08 14:05:55,925 INFO train_raft: Epoch 139/200 starting
epoch=139 train_loss=0.0952 val_loss=0.0364 lr=1.2500e-04 time=260.61s
2026-05-08 14:10:16,536 INFO train_raft: Epoch 140/200 starting
epoch=140 train_loss=0.0951 val_loss=0.0365 lr=6.2500e-05 time=260.85s
2026-05-08 14:14:37,392 INFO train_raft: Epoch 141/200 starting
epoch=141 train_loss=0.0912 val_loss=0.0362 lr=6.2500e-05 time=260.64s
2026-05-08 14:18:58,030 INFO train_raft: Epoch 142/200 starting
epoch=142 train_loss=0.0904 val_loss=0.0363 lr=6.2500e-05 time=260.74s
2026-05-08 14:23:18,775 INFO train_raft: Epoch 143/200 starting
epoch=143 train_loss=0.0901 val_loss=0.0362 lr=6.2500e-05 time=260.56s
2026-05-08 14:27:39,339 INFO train_raft: Epoch 144/200 starting
epoch=144 train_loss=0.0900 val_loss=0.0362 lr=6.2500e-05 time=260.62s
2026-05-08 14:31:59,958 INFO train_raft: Epoch 145/200 starting
epoch=145 train_loss=0.0899 val_loss=0.0362 lr=6.2500e-05 time=259.86s
2026-05-08 14:36:19,819 INFO train_raft: Epoch 146/200 starting
epoch=146 train_loss=0.0897 val_loss=0.0362 lr=6.2500e-05 time=261.59s
2026-05-08 14:40:41,409 INFO train_raft: Epoch 147/200 starting
epoch=147 train_loss=0.0896 val_loss=0.0363 lr=6.2500e-05 time=261.53s
2026-05-08 14:45:02,938 INFO train_raft: Epoch 148/200 starting
epoch=148 train_loss=0.0896 val_loss=0.0363 lr=6.2500e-05 time=261.57s
2026-05-08 14:49:24,510 INFO train_raft: Epoch 149/200 starting
epoch=149 train_loss=0.0894 val_loss=0.0362 lr=6.2500e-05 time=261.64s
2026-05-08 14:53:46,152 INFO train_raft: Epoch 150/200 starting
epoch=150 train_loss=0.0893 val_loss=0.0363 lr=6.2500e-05 time=261.49s
2026-05-08 14:58:07,641 INFO train_raft: Epoch 151/200 starting
epoch=151 train_loss=0.0893 val_loss=0.0364 lr=6.2500e-05 time=261.31s
2026-05-08 15:02:28,956 INFO train_raft: Epoch 152/200 starting
epoch=152 train_loss=0.0891 val_loss=0.0363 lr=6.2500e-05 time=261.41s
2026-05-08 15:06:50,364 INFO train_raft: Epoch 153/200 starting
epoch=153 train_loss=0.0891 val_loss=0.0363 lr=6.2500e-05 time=261.50s
2026-05-08 15:11:11,870 INFO train_raft: Epoch 154/200 starting
epoch=154 train_loss=0.0890 val_loss=0.0363 lr=6.2500e-05 time=261.39s
2026-05-08 15:15:33,259 INFO train_raft: Epoch 155/200 starting
epoch=155 train_loss=0.0890 val_loss=0.0364 lr=6.2500e-05 time=261.52s
2026-05-08 15:19:54,783 INFO train_raft: Epoch 156/200 starting
epoch=156 train_loss=0.0889 val_loss=0.0365 lr=6.2500e-05 time=261.44s
2026-05-08 15:24:16,225 INFO train_raft: Epoch 157/200 starting
epoch=157 train_loss=0.0888 val_loss=0.0364 lr=6.2500e-05 time=261.51s
2026-05-08 15:28:37,734 INFO train_raft: Epoch 158/200 starting
epoch=158 train_loss=0.0887 val_loss=0.0364 lr=6.2500e-05 time=261.39s
2026-05-08 15:32:59,128 INFO train_raft: Epoch 159/200 starting
epoch=159 train_loss=0.0887 val_loss=0.0364 lr=6.2500e-05 time=261.49s
2026-05-08 15:37:20,624 INFO train_raft: Epoch 160/200 starting
epoch=160 train_loss=0.0886 val_loss=0.0363 lr=6.2500e-05 time=261.13s
2026-05-08 15:41:41,755 INFO train_raft: Epoch 161/200 starting
epoch=161 train_loss=0.0886 val_loss=0.0364 lr=3.1250e-05 time=260.80s
2026-05-08 15:46:02,555 INFO train_raft: Epoch 162/200 starting
epoch=162 train_loss=0.0869 val_loss=0.0363 lr=3.1250e-05 time=260.76s
2026-05-08 15:50:23,321 INFO train_raft: Epoch 163/200 starting
epoch=163 train_loss=0.0866 val_loss=0.0363 lr=3.1250e-05 time=260.73s
2026-05-08 15:54:44,053 INFO train_raft: Epoch 164/200 starting
epoch=164 train_loss=0.0864 val_loss=0.0363 lr=3.1250e-05 time=261.00s
2026-05-08 15:59:05,050 INFO train_raft: Epoch 165/200 starting
epoch=165 train_loss=0.0864 val_loss=0.0363 lr=3.1250e-05 time=260.92s
2026-05-08 16:03:25,974 INFO train_raft: Epoch 166/200 starting
epoch=166 train_loss=0.0864 val_loss=0.0363 lr=3.1250e-05 time=260.68s
2026-05-08 16:07:46,655 INFO train_raft: Epoch 167/200 starting
epoch=167 train_loss=0.0862 val_loss=0.0363 lr=3.1250e-05 time=260.81s
2026-05-08 16:12:07,464 INFO train_raft: Epoch 168/200 starting
epoch=168 train_loss=0.0862 val_loss=0.0364 lr=3.1250e-05 time=260.86s
2026-05-08 16:16:28,330 INFO train_raft: Epoch 169/200 starting
epoch=169 train_loss=0.0861 val_loss=0.0364 lr=3.1250e-05 time=261.03s
2026-05-08 16:20:49,359 INFO train_raft: Epoch 170/200 starting
epoch=170 train_loss=0.0861 val_loss=0.0364 lr=3.1250e-05 time=260.91s
2026-05-08 16:25:10,275 INFO train_raft: Epoch 171/200 starting
epoch=171 train_loss=0.0860 val_loss=0.0364 lr=3.1250e-05 time=261.12s
2026-05-08 16:29:31,401 INFO train_raft: Epoch 172/200 starting
epoch=172 train_loss=0.0860 val_loss=0.0364 lr=3.1250e-05 time=260.96s
2026-05-08 16:33:52,359 INFO train_raft: Epoch 173/200 starting
epoch=173 train_loss=0.0859 val_loss=0.0363 lr=3.1250e-05 time=260.87s
2026-05-08 16:38:13,228 INFO train_raft: Epoch 174/200 starting
epoch=174 train_loss=0.0858 val_loss=0.0364 lr=3.1250e-05 time=260.61s
2026-05-08 16:42:33,836 INFO train_raft: Epoch 175/200 starting
epoch=175 train_loss=0.0858 val_loss=0.0363 lr=3.1250e-05 time=260.58s
2026-05-08 16:46:54,419 INFO train_raft: Epoch 176/200 starting
epoch=176 train_loss=0.0857 val_loss=0.0364 lr=3.1250e-05 time=260.82s
2026-05-08 16:51:15,243 INFO train_raft: Epoch 177/200 starting
epoch=177 train_loss=0.0857 val_loss=0.0364 lr=3.1250e-05 time=260.70s
2026-05-08 16:55:35,943 INFO train_raft: Epoch 178/200 starting
epoch=178 train_loss=0.0857 val_loss=0.0364 lr=3.1250e-05 time=260.75s
2026-05-08 16:59:56,692 INFO train_raft: Epoch 179/200 starting
epoch=179 train_loss=0.0856 val_loss=0.0364 lr=3.1250e-05 time=260.74s
2026-05-08 17:04:17,437 INFO train_raft: Epoch 180/200 starting
epoch=180 train_loss=0.0856 val_loss=0.0364 lr=3.1250e-05 time=260.72s
2026-05-08 17:08:38,163 INFO train_raft: Epoch 181/200 starting
epoch=181 train_loss=0.0855 val_loss=0.0364 lr=3.1250e-05 time=260.69s
2026-05-08 17:12:58,856 INFO train_raft: Epoch 182/200 starting
epoch=182 train_loss=0.0855 val_loss=0.0364 lr=1.5625e-05 time=260.67s
2026-05-08 17:17:19,529 INFO train_raft: Epoch 183/200 starting
epoch=183 train_loss=0.0848 val_loss=0.0363 lr=1.5625e-05 time=260.51s
2026-05-08 17:21:40,039 INFO train_raft: Epoch 184/200 starting
epoch=184 train_loss=0.0846 val_loss=0.0363 lr=1.5625e-05 time=260.72s
2026-05-08 17:26:00,760 INFO train_raft: Epoch 185/200 starting
epoch=185 train_loss=0.0846 val_loss=0.0363 lr=1.5625e-05 time=260.74s
2026-05-08 17:30:21,504 INFO train_raft: Epoch 186/200 starting
epoch=186 train_loss=0.0846 val_loss=0.0364 lr=1.5625e-05 time=260.58s
2026-05-08 17:34:42,081 INFO train_raft: Epoch 187/200 starting
epoch=187 train_loss=0.0845 val_loss=0.0364 lr=1.5625e-05 time=260.47s
2026-05-08 17:39:02,550 INFO train_raft: Epoch 188/200 starting
epoch=188 train_loss=0.0845 val_loss=0.0364 lr=1.5625e-05 time=260.52s
2026-05-08 17:43:23,071 INFO train_raft: Epoch 189/200 starting
epoch=189 train_loss=0.0845 val_loss=0.0364 lr=1.5625e-05 time=260.49s
2026-05-08 17:47:43,558 INFO train_raft: Epoch 190/200 starting
epoch=190 train_loss=0.0845 val_loss=0.0364 lr=1.5625e-05 time=260.73s
2026-05-08 17:52:04,288 INFO train_raft: Epoch 191/200 starting
epoch=191 train_loss=0.0844 val_loss=0.0364 lr=1.5625e-05 time=260.88s
2026-05-08 17:56:25,164 INFO train_raft: Epoch 192/200 starting
epoch=192 train_loss=0.0844 val_loss=0.0364 lr=1.5625e-05 time=261.26s
2026-05-08 18:00:46,428 INFO train_raft: Epoch 193/200 starting
epoch=193 train_loss=0.0844 val_loss=0.0364 lr=1.5625e-05 time=274.97s
2026-05-08 18:05:21,404 INFO train_raft: Epoch 194/200 starting
epoch=194 train_loss=0.0844 val_loss=0.0364 lr=1.5625e-05 time=269.28s
2026-05-08 18:09:50,686 INFO train_raft: Epoch 195/200 starting
epoch=195 train_loss=0.0843 val_loss=0.0363 lr=1.5625e-05 time=262.95s
2026-05-08 18:14:13,638 INFO train_raft: Epoch 196/200 starting
epoch=196 train_loss=0.0843 val_loss=0.0364 lr=1.5625e-05 time=264.56s
2026-05-08 18:18:38,202 INFO train_raft: Epoch 197/200 starting
epoch=197 train_loss=0.0843 val_loss=0.0364 lr=1.5625e-05 time=261.79s
2026-05-08 18:22:59,993 INFO train_raft: Epoch 198/200 starting
epoch=198 train_loss=0.0843 val_loss=0.0364 lr=1.5625e-05 time=269.07s
2026-05-08 18:27:29,064 INFO train_raft: Epoch 199/200 starting
epoch=199 train_loss=0.0842 val_loss=0.0364 lr=1.5625e-05 time=260.89s
2026-05-08 18:31:49,952 INFO train_raft: Epoch 200/200 starting
epoch=200 train_loss=0.0842 val_loss=0.0364 lr=1.5625e-05 time=260.58s
=== Run full_C_systematic_200 finished ===
